// Jest Snapshot v1, https://goo.gl/fbAQLP

exports[`Header component renders correctly 1`] = `
<View
  style={
    Object {
      "alignItems": "center",
      "backgroundColor": "#003A70",
      "borderBottomLeftRadius": 25,
      "borderBottomRightRadius": 20,
      "flexDirection": "row",
      "height": "25%",
      "justifyContent": "space-between",
      "paddingHorizontal": 10,
      "paddingVertical": 20,
      "width": "100%",
    }
  }
>
  <View
    style={
      Object {
        "alignItems": "center",
        "flexDirection": "row",
        "justifyContent": "center",
      }
    }
  >
    <Text
      style={
        Object {
          "color": "#FFCB05",
          "fontFamily": "Pokemon",
          "fontSize": 24,
          "fontWeight": "bold",
          "justifyContent": "center",
          "marginLeft": 20,
        }
      }
    >
      Mobile Pokedex
    </Text>
  </View>
  <View>
    <Image
      source={
        Object {
          "testUri": "../../../src/assets/images/025.png",
        }
      }
      style={
        Object {
          "top": 35,
          "zIndex": -1,
        }
      }
    />
  </View>
</View>
`;
