// Jest Snapshot v1, https://goo.gl/fbAQLP

exports[`PokeCard component renders correctly 1`] = `
Array [
  <View
    accessible={true}
    collapsable={false}
    focusable={true}
    nativeID="animatedComponent"
    onClick={[Function]}
    onResponderGrant={[Function]}
    onResponderMove={[Function]}
    onResponderRelease={[Function]}
    onResponderTerminate={[Function]}
    onResponderTerminationRequest={[Function]}
    onStartShouldSetResponder={[Function]}
    style={
      Object {
        "opacity": 1,
      }
    }
  >
    <View
      style={
        Object {
          "backgroundColor": "#003A70",
          "borderRadius": 10,
          "height": 150,
          "marginHorizontal": 12,
          "marginVertical": 15,
          "padding": 20,
          "width": 170,
        }
      }
    >
      <Text
        style={
          Object {
            "color": "#FFF",
            "fontSize": 22,
            "fontWeight": "bold",
            "zIndex": 1,
          }
        }
      >
        Pikachu
      </Text>
      <View
        style={
          Object {
            "alignItems": "center",
            "backgroundColor": "#FFFFFF",
            "borderBottomLeftRadius": 100,
            "borderBottomRightRadius": 80,
            "borderTopLeftRadius": 100,
            "borderTopRightRadius": 100,
            "height": 110,
            "left": 70,
            "position": "absolute",
            "top": 50,
            "width": 110,
            "zIndex": -1,
          }
        }
      >
        <Image
          source={
            Object {
              "uri": "https://assets.pokemon.com/assets/cms2/img/pokedex/full/006.png",
            }
          }
          style={
            Object {
              "height": 130,
              "width": 130,
            }
          }
        />
      </View>
    </View>
  </View>,
  <Modal
    animationType="slide"
    hardwareAccelerated={false}
    onRequestClose={[Function]}
    pokemonUrl="https://pokeapi.co/api/v2/pokemon/6/"
    presentationStyle="formSheet"
    statusBarTranslucent={true}
    visible={false}
  >
    <View
      style={
        Object {
          "backgroundColor": "#3D7DCA",
          "height": "100%",
        }
      }
    >
      <View
        style={
          Object {
            "backgroundColor": "#003A70",
            "borderBottomRightRadius": 50,
            "height": 400,
            "width": "100%",
          }
        }
      >
        <Text
          style={
            Object {
              "color": "#FFCB05",
              "fontSize": 36,
              "fontWeight": "bold",
              "marginLeft": 15,
              "marginTop": 30,
            }
          }
        >
          <View
            collapsable={false}
            nativeID="animatedComponent"
            style={
              Object {
                "alignItems": "center",
                "justifyContent": "center",
                "transform": Array [
                  Object {
                    "rotate": "0deg",
                  },
                ],
              }
            }
          >
            <ActivityIndicator
              color="gray"
              size="large"
            />
          </View>
        </Text>
        <View
          style={
            Array [
              Object {
                "alignItems": "center",
                "flex": 1,
                "justifyContent": "center",
              },
            ]
          }
        >
          <View
            collapsable={false}
            nativeID="animatedComponent"
            style={
              Object {
                "transform": Array [
                  Object {
                    "scale": 0,
                  },
                ],
              }
            }
          >
            <View
              style={
                Object {
                  "alignItems": "center",
                  "flex": 1,
                  "justifyContent": "center",
                }
              }
            >
              <Image
                source={
                  Object {
                    "uri": "https://assets.pokemon.com/assets/cms2/img/pokedex/full/006.png",
                  }
                }
                style={
                  Object {
                    "height": 200,
                    "width": 200,
                  }
                }
              />
            </View>
          </View>
        </View>
      </View>
      <View
        style={
          Array [
            Object {
              "height": 25,
            },
            Object {
              "alignItems": "center",
              "flex": 1,
              "justifyContent": "center",
            },
          ]
        }
      >
        <Text
          style={
            Object {
              "color": "#fff",
              "fontWeight": "bold",
            }
          }
        >
          Exp. base: 
        </Text>
        <Text
          style={
            Object {
              "color": "#fff",
              "fontWeight": "bold",
            }
          }
        >
          Altura: 
        </Text>
        <Text
          style={
            Object {
              "color": "#fff",
              "fontWeight": "bold",
            }
          }
        >
          Ordem: 
        </Text>
        <Text
          style={
            Object {
              "color": "#fff",
              "fontWeight": "bold",
            }
          }
        >
          Peso: 
        </Text>
        <View
          accessible={true}
          collapsable={false}
          focusable={true}
          nativeID="animatedComponent"
          onClick={[Function]}
          onResponderGrant={[Function]}
          onResponderMove={[Function]}
          onResponderRelease={[Function]}
          onResponderTerminate={[Function]}
          onResponderTerminationRequest={[Function]}
          onStartShouldSetResponder={[Function]}
          style={
            Object {
              "backgroundColor": "#fff",
              "borderRadius": 15,
              "marginTop": 15,
              "opacity": 1,
              "paddingHorizontal": 15,
              "paddingVertical": 5,
            }
          }
        >
          <Text>
            Voltar
          </Text>
        </View>
      </View>
    </View>
  </Modal>,
]
`;
