// Jest Snapshot v1, https://goo.gl/fbAQLP

exports[`App component renders correctly 1`] = `
<RCTSafeAreaView
  emulateUnlessSupported={true}
  style={
    Object {
      "flex": 1,
    }
  }
>
  <View
    style={
      Object {
        "alignItems": "center",
        "flexDirection": "row",
        "height": "25%",
        "justifyContent": "space-between",
        "paddingHorizontal": 10,
        "paddingVertical": 20,
        "width": "100%",
      }
    }
  >
    <View
      style={
        Object {
          "alignItems": "center",
          "flexDirection": "row",
          "justifyContent": "center",
        }
      }
    >
      <Text
        style={
          Object {
            "fontSize": 24,
            "justifyContent": "center",
            "marginLeft": 10,
          }
        }
      >
        Mobile Pokedex
      </Text>
    </View>
    <View>
      <Image
        source={
          Object {
            "testUri": "../../../src/assets/images/pokeball_background.png",
          }
        }
        style={
          Object {
            "marginLeft": 75,
            "opacity": 0.2,
            "zIndex": -1,
          }
        }
      />
    </View>
  </View>
</RCTSafeAreaView>
`;
